        family              candidate    window  exit_rule   n  sd_net_pts_cost1  sd_net_pts_cost2  mde_at_n  mde_at_200  answerable_at_n
        gapliq                     T1   CONTEXT registered 283           15.9475           15.9475    2.3571      2.8039            False
        gapliq                     T1   CONTEXT  fixed5pts 283            4.9498            4.9498    0.7316      0.8703             True
        gapliq                     T1   CONTEXT fixed10pts 283            8.7067            8.7067    1.2869      1.5308             True
        gapliq                     T1   CONTEXT fixed20pts 283           12.8387           12.8387    1.8976      2.2573             True
        gapliq                     T2   CONTEXT registered 283           17.7896           17.7896    2.6294      3.1278            False
        gapliq                     T2   CONTEXT  fixed5pts 283            4.9904            4.9904    0.7376      0.8774             True
        gapliq                     T2   CONTEXT fixed10pts 283            9.0892            9.0892    1.3434      1.5981             True
        gapliq                     T2   CONTEXT fixed20pts 283           13.6831           13.6831    2.0224      2.4058            False
        gapliq                     T3   CONTEXT registered 273           15.4729           15.4729    2.3285      2.7204            False
        gapliq                     T3   CONTEXT  fixed5pts 273            4.9301            4.9301    0.7419      0.8668             True
        gapliq                     T3   CONTEXT fixed10pts 273            8.4470            8.4470    1.2712      1.4852             True
        gapliq                     T3   CONTEXT fixed20pts 273           11.7635           11.7635    1.7703      2.0683             True
        gapliq                     T1 SELECTION registered 120           27.8082           27.8082    6.3120      4.8892            False
        gapliq                     T1 SELECTION  fixed5pts 120            5.0147            5.0147    1.1382      0.8817             True
        gapliq                     T1 SELECTION fixed10pts 120            9.7450            9.7450    2.2120      1.7134            False
        gapliq                     T1 SELECTION fixed20pts 120           16.1214           16.1214    3.6593      2.8345            False
        gapliq                     T2 SELECTION registered 120           28.6525           28.6525    6.5036      5.0377            False
        gapliq                     T2 SELECTION  fixed5pts 120            4.9507            4.9507    1.1237      0.8704             True
        gapliq                     T2 SELECTION fixed10pts 120            9.9010            9.9010    2.2474      1.7408            False
        gapliq                     T2 SELECTION fixed20pts 120           16.5222           16.5222    3.7502      2.9049            False
        gapliq                     T3 SELECTION registered 132           34.2325           34.2325    7.4086      6.0188            False
        gapliq                     T3 SELECTION  fixed5pts 132            4.9824            4.9824    1.0783      0.8760             True
        gapliq                     T3 SELECTION fixed10pts 132            9.2981            9.2981    2.0123      1.6348            False
        gapliq                     T3 SELECTION fixed20pts 132           14.7300           14.7300    3.1879      2.5898            False
        gapliq                     T1   HOLDOUT registered 159           45.1503           45.1503    8.9032      7.9383            False
        gapliq                     T1   HOLDOUT  fixed5pts 159            5.0109            5.0109    0.9881      0.8810             True
        gapliq                     T1   HOLDOUT fixed10pts 159           10.0298           10.0298    1.9778      1.7634             True
        gapliq                     T1   HOLDOUT fixed20pts 159           19.5780           19.5780    3.8606      3.4422            False
        gapliq                     T2   HOLDOUT registered 159           50.6993           50.6993    9.9974      8.9140            False
        gapliq                     T2   HOLDOUT  fixed5pts 159            5.0109            5.0109    0.9881      0.8810             True
        gapliq                     T2   HOLDOUT fixed10pts 159           10.0266           10.0266    1.9772      1.7629             True
        gapliq                     T2   HOLDOUT fixed20pts 159           19.6458           19.6458    3.8740      3.4541            False
        gapliq                     T3   HOLDOUT registered 154           48.0105           48.0105    9.6197      8.4412            False
        gapliq                     T3   HOLDOUT  fixed5pts 154            4.9649            4.9649    0.9948      0.8729             True
        gapliq                     T3   HOLDOUT fixed10pts 154            9.8404            9.8404    1.9717      1.7301             True
        gapliq                     T3   HOLDOUT fixed20pts 154           19.1543           19.1543    3.8379      3.3677            False
       flatten                     U1   CONTEXT registered 254           16.2832           16.2832    2.5404      2.8629            False
       flatten                     U1   CONTEXT    atr0.5x 254            1.6987            1.6987    0.2650      0.2987             True
       flatten                     U1   CONTEXT    atr1.0x 254            3.3906            3.3906    0.5290      0.5961             True
       flatten                     U1   CONTEXT    atr1.5x 254            5.0959            5.0959    0.7950      0.8960             True
       flatten                     U1   CONTEXT    atr2.0x 254            6.7427            6.7427    1.0520      1.1855             True
       flatten                     U1   CONTEXT  fixed5pts 254            4.9095            4.9095    0.7660      0.8632             True
       flatten                     U1   CONTEXT fixed10pts 254            8.5607            8.5607    1.3356      1.5051             True
       flatten                     U1   CONTEXT fixed20pts 254           12.5780           12.5780    1.9624      2.2115             True
       flatten                     U2   CONTEXT registered 326            9.5298            9.5298    1.3124      1.6755             True
       flatten                     U2   CONTEXT    atr0.5x 326            1.1449            1.1449    0.1577      0.2013             True
       flatten                     U2   CONTEXT    atr1.0x 326            2.2946            2.2946    0.3160      0.4034             True
       flatten                     U2   CONTEXT    atr1.5x 326            3.4353            3.4353    0.4731      0.6040             True
       flatten                     U2   CONTEXT    atr2.0x 326            4.5565            4.5565    0.6275      0.8011             True
       flatten                     U2   CONTEXT  fixed5pts 326            4.7176            4.7176    0.6497      0.8295             True
       flatten                     U2   CONTEXT fixed10pts 326            7.1518            7.1518    0.9849      1.2574             True
       flatten                     U2   CONTEXT fixed20pts 326            8.5884            8.5884    1.1827      1.5100             True
       flatten                     U3   CONTEXT registered 247           13.1923           13.1923    2.0872      2.3195            False
       flatten                     U3   CONTEXT    atr0.5x 247            1.6550            1.6550    0.2618      0.2910             True
       flatten                     U3   CONTEXT    atr1.0x 247            3.3162            3.3162    0.5247      0.5831             True
       flatten                     U3   CONTEXT    atr1.5x 247            4.9444            4.9444    0.7823      0.8693             True
       flatten                     U3   CONTEXT    atr2.0x 247            6.5512            6.5512    1.0365      1.1518             True
       flatten                     U3   CONTEXT  fixed5pts 247            4.7457            4.7457    0.7508      0.8344             True
       flatten                     U3   CONTEXT fixed10pts 247            7.9482            7.9482    1.2575      1.3975             True
       flatten                     U3   CONTEXT fixed20pts 247           11.6356           11.6356    1.8409      2.0458             True
       flatten                     U1 SELECTION registered 102           33.4698           33.4698    8.2402      5.8847            False
       flatten                     U1 SELECTION    atr0.5x 102            3.0301            3.0301    0.7460      0.5328             True
       flatten                     U1 SELECTION    atr1.0x 102            6.0720            6.0720    1.4949      1.0676             True
       flatten                     U1 SELECTION    atr1.5x 102            9.0619            9.0619    2.2310      1.5933            False
       flatten                     U1 SELECTION    atr2.0x 102           12.0979           12.0979    2.9785      2.1270            False
       flatten                     U1 SELECTION  fixed5pts 102            5.0208            5.0208    1.2361      0.8828             True
       flatten                     U1 SELECTION fixed10pts 102            9.3167            9.3167    2.2937      1.6381            False
       flatten                     U1 SELECTION fixed20pts 102           16.1828           16.1828    3.9842      2.8453            False
       flatten                     U2 SELECTION registered 343           15.3738           15.3738    2.0640      2.7030            False
       flatten                     U2 SELECTION    atr0.5x 343            1.6053            1.6053    0.2155      0.2822             True
       flatten                     U2 SELECTION    atr1.0x 343            3.2072            3.2072    0.4306      0.5639             True
       flatten                     U2 SELECTION    atr1.5x 343            4.8156            4.8156    0.6465      0.8467             True
       flatten                     U2 SELECTION    atr2.0x 343            6.3934            6.3934    0.8584      1.1241             True
       flatten                     U2 SELECTION  fixed5pts 343            4.9181            4.9181    0.6603      0.8647             True
       flatten                     U2 SELECTION fixed10pts 343            8.2351            8.2351    1.1056      1.4479             True
       flatten                     U2 SELECTION fixed20pts 343           11.8286           11.8286    1.5881      2.0797             True
       flatten                     U3 SELECTION registered 105           29.2170           29.2170    7.0897      5.1369            False
       flatten                     U3 SELECTION    atr0.5x 105            2.8322            2.8322    0.6872      0.4980             True
       flatten                     U3 SELECTION    atr1.0x 105            5.6945            5.6945    1.3818      1.0012             True
       flatten                     U3 SELECTION    atr1.5x 105            8.4407            8.4407    2.0482      1.4840            False
       flatten                     U3 SELECTION    atr2.0x 105           11.1632           11.1632    2.7088      1.9627            False
       flatten                     U3 SELECTION  fixed5pts 105            4.9116            4.9116    1.1918      0.8636             True
       flatten                     U3 SELECTION fixed10pts 105            9.0067            9.0067    2.1855      1.5836            False
       flatten                     U3 SELECTION fixed20pts 105           14.7718           14.7718    3.5844      2.5972            False
       flatten                     U1   HOLDOUT registered 144           44.6991           44.6991    9.2619      7.8590            False
       flatten                     U1   HOLDOUT    atr0.5x 144            5.0749            5.0749    1.0516      0.8923             True
       flatten                     U1   HOLDOUT    atr1.0x 144           10.1587           10.1587    2.1050      1.7861            False
       flatten                     U1   HOLDOUT    atr1.5x 144           15.2346           15.2346    3.1567      2.6785            False
       flatten                     U1   HOLDOUT    atr2.0x 144           20.0888           20.0888    4.1625      3.5320            False
       flatten                     U1   HOLDOUT  fixed5pts 144            5.0097            5.0097    1.0380      0.8808             True
       flatten                     U1   HOLDOUT fixed10pts 144           10.0027           10.0027    2.0726      1.7587            False
       flatten                     U1   HOLDOUT fixed20pts 144           19.1819           19.1819    3.9746      3.3726            False
       flatten                     U2   HOLDOUT registered 299           33.6508           33.6508    4.8389      5.9165            False
       flatten                     U2   HOLDOUT    atr0.5x 299            3.7059            3.7059    0.5329      0.6516             True
       flatten                     U2   HOLDOUT    atr1.0x 299            7.4210            7.4210    1.0671      1.3048             True
       flatten                     U2   HOLDOUT    atr1.5x 299           11.1099           11.1099    1.5976      1.9533             True
       flatten                     U2   HOLDOUT    atr2.0x 299           14.6411           14.6411    2.1053      2.5742            False
       flatten                     U2   HOLDOUT  fixed5pts 299            5.0003            5.0003    0.7190      0.8792             True
       flatten                     U2   HOLDOUT fixed10pts 299            9.9503            9.9503    1.4308      1.7495             True
       flatten                     U2   HOLDOUT fixed20pts 299           17.8026           17.8026    2.5600      3.1301            False
       flatten                     U3   HOLDOUT registered 166           31.5920           31.5920    6.0969      5.5545            False
       flatten                     U3   HOLDOUT    atr0.5x 166            5.1430            5.1430    0.9925      0.9042             True
       flatten                     U3   HOLDOUT    atr1.0x 166           10.3095           10.3095    1.9896      1.8126             True
       flatten                     U3   HOLDOUT    atr1.5x 166           15.2875           15.2875    2.9503      2.6878            False
       flatten                     U3   HOLDOUT    atr2.0x 166           15.8329           15.8329    3.0556      2.7837            False
       flatten                     U3   HOLDOUT  fixed5pts 166            5.0119            5.0119    0.9672      0.8812             True
       flatten                     U3   HOLDOUT fixed10pts 166            9.9021            9.9021    1.9110      1.7410             True
       flatten                     U3   HOLDOUT fixed20pts 166           18.2411           18.2411    3.5203      3.2072            False
pre_registered    13:00|call|gap>0.3%   HOLDOUT registered 452           25.3948           25.3948    2.9700      4.4649            False
pre_registered    13:00|call|gap>0.3%   HOLDOUT    atr0.5x 452            2.5475            2.5475    0.2979      0.4479             True
pre_registered    13:00|call|gap>0.3%   HOLDOUT    atr1.0x 452            5.0951            5.0951    0.5959      0.8958             True
pre_registered    13:00|call|gap>0.3%   HOLDOUT    atr1.5x 452            7.5743            7.5743    0.8858      1.3317             True
pre_registered    13:00|call|gap>0.3%   HOLDOUT    atr2.0x 452           10.0490           10.0490    1.1753      1.7668             True
pre_registered    13:00|call|gap>0.3%   HOLDOUT  fixed5pts 452            4.9857            4.9857    0.5831      0.8766             True
pre_registered    13:00|call|gap>0.3%   HOLDOUT fixed10pts 452            9.4449            9.4449    1.1046      1.6606             True
pre_registered    13:00|call|gap>0.3%   HOLDOUT fixed20pts 452           15.7333           15.7333    1.8401      2.7662             True
pre_registered 15:00|both|vixmove_exp   HOLDOUT registered 274           21.9039           21.9039    3.2903      3.8511            False
pre_registered 15:00|both|vixmove_exp   HOLDOUT    atr0.5x 274            3.7121            3.7121    0.5576      0.6527             True
pre_registered 15:00|both|vixmove_exp   HOLDOUT    atr1.0x 274            7.2958            7.2958    1.0959      1.2827             True
pre_registered 15:00|both|vixmove_exp   HOLDOUT    atr1.5x 274           10.5854           10.5854    1.5901      1.8611             True
pre_registered 15:00|both|vixmove_exp   HOLDOUT    atr2.0x 274           13.8326           13.8326    2.0778      2.4321            False
pre_registered 15:00|both|vixmove_exp   HOLDOUT  fixed5pts 274            4.8933            4.8933    0.7350      0.8603             True
pre_registered 15:00|both|vixmove_exp   HOLDOUT fixed10pts 274            9.3558            9.3558    1.4054      1.6449             True
pre_registered 15:00|both|vixmove_exp   HOLDOUT fixed20pts 274           14.7154           14.7154    2.2105      2.5873            False
