window 2013-01-01..2020-05-13 (IN-SAMPLE 2013-01..2020-05-13): 15:00|both|vixmove_fixed: 93 trades, 13:00|call|gap>0.3%: 468 trades

D3 execution model (underlying points per signal, net):
                       window                candidate           entry  fill_rate  n_signals  mean_net_per_signal  mean_net_if_filled  improvement  p_improvement  p_boot_day
IN-SAMPLE 2013-01..2020-05-13      13:00|call|gap>0.3%          market     1.0000        468              -0.1226             -0.1226       0.0000            NaN      1.0000
IN-SAMPLE 2013-01..2020-05-13      13:00|call|gap>0.3% limit -0.25 ATR     0.8568        468               0.9051              1.0564       1.0278         0.0000      0.1065
IN-SAMPLE 2013-01..2020-05-13      13:00|call|gap>0.3% limit -0.50 ATR     0.7436        468               1.0369              1.3945       1.1596         0.0003      0.0785
IN-SAMPLE 2013-01..2020-05-13      13:00|call|gap>0.3% limit -1.00 ATR     0.5620        468               0.5369              0.9554       0.6596         0.1230      0.1398
IN-SAMPLE 2013-01..2020-05-13 15:00|both|vixmove_fixed          market     1.0000         93               5.1032              5.1032       0.0000            NaN      0.0540
IN-SAMPLE 2013-01..2020-05-13 15:00|both|vixmove_fixed limit -0.25 ATR     0.9140         93               5.6706              6.2043       0.5674         0.3095      0.0340
IN-SAMPLE 2013-01..2020-05-13 15:00|both|vixmove_fixed limit -0.50 ATR     0.7957         93               5.6735              7.1302       0.5703         0.3633      0.0248
IN-SAMPLE 2013-01..2020-05-13 15:00|both|vixmove_fixed limit -1.00 ATR     0.5376         93               5.7207             10.6404       0.6174         0.3972      0.0170

D4 pricing summary (% of premium):
                  signal  spread settle     k   n    win   mean  median  worst_trade  worst_day  mae_worst  premium_mean
15:00|both|vixmove_fixed   1.000   cash 1.000  93 63.441 11.481   7.226     -100.000   -100.000   -100.000        52.589
15:00|both|vixmove_fixed   1.000   exit 1.000  93 53.763  6.298   1.559     -100.000   -100.000   -100.000        50.558
15:00|both|vixmove_fixed   2.000   cash 1.000  93 60.215 10.402   5.991     -100.000   -100.000   -100.000        53.089
15:00|both|vixmove_fixed   2.000   exit 1.000  93 48.387  4.291  -0.386     -100.000   -100.000   -100.000        51.058
15:00|both|vixmove_fixed   3.000   cash 1.000  93 59.140  9.344   4.784     -100.000   -100.000   -100.000        53.589
15:00|both|vixmove_fixed   3.000   exit 1.000  93 46.237  2.326  -2.294     -100.000   -100.000   -100.000        51.558
     13:00|call|gap>0.3%   1.000   cash 1.000 468 50.641  1.226   0.392     -100.000   -100.000   -100.000        49.790
     13:00|call|gap>0.3%   1.000   cash 1.300 468 50.641  1.157   0.392     -100.000   -100.000   -100.000        49.816
     13:00|call|gap>0.3%   1.000   cash 1.600 468 50.641  1.042   0.392     -100.000   -100.000   -100.000        49.864
     13:00|call|gap>0.3%   1.000   exit 1.000 468 46.154  0.145  -0.625     -100.000   -100.000   -100.000        47.741
     13:00|call|gap>0.3%   1.000   exit 1.300 468 45.940  0.068  -0.625     -100.000   -100.000   -100.000        47.770
     13:00|call|gap>0.3%   1.000   exit 1.600 468 45.940 -0.058  -0.625     -100.000   -100.000   -100.000        47.823
     13:00|call|gap>0.3%   2.000   cash 1.000 468 47.863  0.179  -0.589     -100.000   -100.000   -100.000        50.290
     13:00|call|gap>0.3%   2.000   cash 1.300 468 47.863  0.111  -0.589     -100.000   -100.000   -100.000        50.316
     13:00|call|gap>0.3%   2.000   cash 1.600 468 47.650 -0.002  -0.589     -100.000   -100.000   -100.000        50.364
     13:00|call|gap>0.3%   2.000   exit 1.000 468 39.530 -2.008  -2.993     -100.000   -100.000   -100.000        48.241
     13:00|call|gap>0.3%   2.000   exit 1.300 468 39.530 -2.084  -2.993     -100.000   -100.000   -100.000        48.270
     13:00|call|gap>0.3%   2.000   exit 1.600 468 39.530 -2.207  -2.993     -100.000   -100.000   -100.000        48.323
     13:00|call|gap>0.3%   3.000   cash 1.000 468 44.658 -0.846  -1.590     -100.000   -100.000   -100.000        50.790
     13:00|call|gap>0.3%   3.000   cash 1.300 468 44.658 -0.913  -1.590     -100.000   -100.000   -100.000        50.816
     13:00|call|gap>0.3%   3.000   cash 1.600 468 44.658 -1.024  -1.590     -100.000   -100.000   -100.000        50.864
     13:00|call|gap>0.3%   3.000   exit 1.000 468 34.829 -4.114  -5.184     -100.000   -100.000   -100.000        48.741
     13:00|call|gap>0.3%   3.000   exit 1.300 468 34.829 -4.188  -5.184     -100.000   -100.000   -100.000        48.770
     13:00|call|gap>0.3%   3.000   exit 1.600 468 34.829 -4.308  -5.184     -100.000   -100.000   -100.000        48.823

D4 sizing (% of account):
 limit  size_pct  worst_trade_loss_pct  exp_annual_pct  worst_year_pct  best_year_pct  size_by_worst_day_pct                   signal                        window  spread settle     k  days_with_two_positions  worst_day_both_positions_pct
 3.000     3.000               100.000           4.352          -2.776         28.828                  3.000 15:00|both|vixmove_fixed IN-SAMPLE 2013-01..2020-05-13   1.000   cash 1.000                      NaN                           NaN
 4.000     4.000               100.000           5.803          -3.702         38.437                  4.000 15:00|both|vixmove_fixed IN-SAMPLE 2013-01..2020-05-13   1.000   cash 1.000                      NaN                           NaN
 5.000     5.000               100.000           7.254          -4.627         48.047                  5.000 15:00|both|vixmove_fixed IN-SAMPLE 2013-01..2020-05-13   1.000   cash 1.000                      NaN                           NaN
 3.000     3.000               100.000           2.206          -6.090         10.339                  3.000      13:00|call|gap>0.3% IN-SAMPLE 2013-01..2020-05-13   1.000   cash 1.300                      NaN                           NaN
 4.000     4.000               100.000           2.942          -8.120         13.786                  4.000      13:00|call|gap>0.3% IN-SAMPLE 2013-01..2020-05-13   1.000   cash 1.300                      NaN                           NaN
 5.000     5.000               100.000           3.677         -10.150         17.232                  5.000      13:00|call|gap>0.3% IN-SAMPLE 2013-01..2020-05-13   1.000   cash 1.300                      NaN                           NaN
 3.000     1.500               200.000           3.279             NaN            NaN                    NaN            COMBINED BOOK IN-SAMPLE 2013-01..2020-05-13     NaN    NaN   NaN                   48.000                      -200.000
 4.000     2.000               200.000           4.373             NaN            NaN                    NaN            COMBINED BOOK IN-SAMPLE 2013-01..2020-05-13     NaN    NaN   NaN                   48.000                      -200.000
 5.000     2.500               200.000           5.466             NaN            NaN                    NaN            COMBINED BOOK IN-SAMPLE 2013-01..2020-05-13     NaN    NaN   NaN                   48.000                      -200.000
