               mean  pct_positive  worst     n
year                                          
2000           0.35         55.38 -11.31   251
2001           5.30         77.42 -12.32   248
2002           1.89         66.67 -17.90   252
2003           6.74        100.00   2.70   252
2004           4.36         96.03  -1.81   252
2005           2.65         85.32  -4.24   252
2006           3.25         89.64  -3.70   251
2007           1.84         67.73 -10.28   251
2008          -2.49         60.08 -57.81   253
2009           7.98         96.43  -4.38   252
2010           6.25         84.52 -13.83   252
2011           2.96         84.52 -32.15   252
2012           4.68         98.40  -0.58   250
2013           3.40         83.33  -3.52   252
2014           3.18         76.19  -6.58   252
2015           1.70         75.40 -18.86   252
2016           4.45         84.52  -6.19   252
2017           4.38         99.20  -0.18   251
2018           0.50         59.36 -15.67   251
2019           4.25         82.54 -11.08   252
2020           2.57         73.91 -72.11   253
2021           6.83         94.84  -2.66   252
2022           1.66         61.75 -14.11   251
2023           4.31         99.60  -0.12   250
2024           3.17         81.35  -9.18   252
2025           3.23         84.40 -35.23   250
2026           4.44        100.00   1.08    33
ALL 2000-2026  3.44         81.57 -72.11  6571
